// Jest Snapshot v1, https://goo.gl/fbAQLP

exports[`the challenge reducer the challenge reducer should push new challenges to the list 1`] = `
Object {
  "list": Array [
    Object {
      "duration": 1000,
      "name": "minimap",
      "time": 0,
      "uuid": 0,
    },
    Object {
      "duration": 2000,
      "name": "glove",
      "time": 1,
      "uuid": 1,
    },
  ],
}
`;

exports[`the challenge reducer the challenge reducer should remove elements from the list 1`] = `
Object {
  "list": Array [],
}
`;

exports[`the challenge reducer the challenge reducer should start with an empty list 1`] = `
Object {
  "list": Array [],
}
`;
